\BOOKMARK [1][-]{section.1}{\376\377\000P\000r\000o\000b\000l\000e\000m\000\040\000D\000e\000f\000i\000n\000i\000t\000i\000o\000n}{}% 1
\BOOKMARK [1][-]{section.2}{\376\377\000D\000a\000t\000a\000\040\000S\000o\000u\000r\000c\000e\000s\000\040\000a\000n\000d\000\040\000P\000a\000i\000r\000i\000n\000g}{}% 2
\BOOKMARK [1][-]{section.3}{\376\377\000D\000a\000t\000a\000s\000e\000t\000\040\000V\000a\000l\000i\000d\000a\000t\000i\000o\000n\000\040\000a\000n\000d\000\040\000F\000i\000l\000t\000e\000r\000i\000n\000g}{}% 3
\BOOKMARK [2][-]{subsection.3.1}{\376\377\000V\000a\000l\000i\000d\000a\000t\000i\000o\000n\000\040\000R\000u\000l\000e\000s}{section.3}% 4
\BOOKMARK [2][-]{subsection.3.2}{\376\377\000T\000r\000a\000i\000n\000i\000n\000g\000\040\000C\000a\000r\000d\000i\000n\000a\000l\000i\000t\000y\000\040\000C\000a\000p}{section.3}% 5
\BOOKMARK [1][-]{section.4}{\376\377\000P\000r\000e\000p\000r\000o\000c\000e\000s\000s\000i\000n\000g}{}% 6
\BOOKMARK [2][-]{subsection.4.1}{\376\377\000A\000s\000p\000e\000c\000t\000-\000P\000r\000e\000s\000e\000r\000v\000i\000n\000g\000\040\000R\000e\000s\000i\000z\000e\000\040\000a\000n\000d\000\040\000L\000e\000t\000t\000e\000r\000b\000o\000x\000i\000n\000g}{section.4}% 7
\BOOKMARK [2][-]{subsection.4.2}{\376\377\000V\000a\000l\000i\000d\000-\000P\000i\000x\000e\000l\000\040\000M\000a\000s\000k}{section.4}% 8
\BOOKMARK [2][-]{subsection.4.3}{\376\377\000R\000a\000w\000\040\000U\000n\000n\000o\000r\000m\000a\000l\000i\000z\000e\000d\000\040\000T\000e\000n\000s\000o\000r}{section.4}% 9
\BOOKMARK [1][-]{section.5}{\376\377\000F\000r\000o\000z\000e\000n\000\040\000D\000I\000N\000O\000v\0003\000\040\000B\000a\000c\000k\000b\000o\000n\000e}{}% 10
\BOOKMARK [2][-]{subsection.5.1}{\376\377\000M\000u\000l\000t\000i\000-\000L\000e\000v\000e\000l\000\040\000I\000n\000t\000e\000r\000m\000e\000d\000i\000a\000t\000e\000\040\000F\000e\000a\000t\000u\000r\000e\000s}{section.5}% 11
\BOOKMARK [1][-]{section.6}{\376\377\000P\000a\000t\000c\000h\000-\000S\000p\000a\000c\000e\000\040\000M\000a\000s\000k\000i\000n\000g}{}% 12
\BOOKMARK [1][-]{section.7}{\376\377\000R\000a\000w\000-\000C\000o\000l\000o\000r\000\040\000S\000i\000d\000e\000-\000C\000h\000a\000n\000n\000e\000l}{}% 13
\BOOKMARK [1][-]{section.8}{\376\377\000Q\000u\000e\000r\000y\000-\000B\000a\000s\000e\000d\000\040\000P\000a\000l\000e\000t\000t\000e\000\040\000D\000e\000c\000o\000d\000e\000r}{}% 14
\BOOKMARK [1][-]{section.9}{\376\377\000C\000o\000u\000n\000t\000\040\000P\000r\000e\000d\000i\000c\000t\000i\000o\000n}{}% 15
\BOOKMARK [1][-]{section.10}{\376\377\000H\000u\000n\000g\000a\000r\000i\000a\000n\000\040\000M\000a\000t\000c\000h\000i\000n\000g}{}% 16
\BOOKMARK [1][-]{section.11}{\376\377\000L\000o\000s\000s\000\040\000F\000u\000n\000c\000t\000i\000o\000n}{}% 17
\BOOKMARK [2][-]{subsection.11.1}{\376\377\000M\000a\000t\000c\000h\000e\000d\000\040\000R\000G\000B\000\040\000R\000e\000g\000r\000e\000s\000s\000i\000o\000n}{section.11}% 18
\BOOKMARK [2][-]{subsection.11.2}{\376\377\000P\000e\000r\000c\000e\000p\000t\000u\000a\000l\000\040\000C\000o\000l\000o\000r\000\040\000L\000o\000s\000s}{section.11}% 19
\BOOKMARK [2][-]{subsection.11.3}{\376\377\000P\000r\000e\000s\000e\000n\000c\000e\000\040\000L\000o\000s\000s}{section.11}% 20
\BOOKMARK [2][-]{subsection.11.4}{\376\377\000C\000o\000u\000n\000t\000\040\000L\000o\000s\000s}{section.11}% 21
\BOOKMARK [2][-]{subsection.11.5}{\376\377\000C\000o\000u\000n\000t\000\040\000C\000o\000n\000s\000i\000s\000t\000e\000n\000c\000y\000\040\000L\000o\000s\000s}{section.11}% 22
\BOOKMARK [2][-]{subsection.11.6}{\376\377\000A\000u\000x\000i\000l\000i\000a\000r\000y\000\040\000D\000e\000c\000o\000d\000e\000r\000\040\000L\000o\000s\000s\000e\000s}{section.11}% 23
\BOOKMARK [2][-]{subsection.11.7}{\376\377\000T\000o\000t\000a\000l\000\040\000L\000o\000s\000s}{section.11}% 24
\BOOKMARK [1][-]{section.12}{\376\377\000E\000v\000a\000l\000u\000a\000t\000i\000o\000n\000\040\000M\000e\000t\000r\000i\000c\000s}{}% 25
\BOOKMARK [2][-]{subsection.12.1}{\376\377\000C\000o\000u\000n\000t\000\040\000A\000g\000r\000e\000e\000m\000e\000n\000t\000\040\000M\000e\000t\000r\000i\000c\000s}{section.12}% 26
\BOOKMARK [2][-]{subsection.12.2}{\376\377\000U\000n\000i\000f\000i\000e\000d\000\040\000S\000e\000t\000\040\000E\000r\000r\000o\000r}{section.12}% 27
\BOOKMARK [1][-]{section.13}{\376\377\000T\000r\000a\000i\000n\000i\000n\000g\000\040\000L\000o\000o\000p}{}% 28
\BOOKMARK [1][-]{section.14}{\376\377\000E\000a\000r\000l\000y\000\040\000S\000t\000o\000p\000p\000i\000n\000g}{}% 29
\BOOKMARK [1][-]{section.15}{\376\377\000I\000n\000f\000e\000r\000e\000n\000c\000e}{}% 30
\BOOKMARK [1][-]{section.16}{\376\377\000T\000e\000s\000t\000i\000n\000g}{}% 31
\BOOKMARK [1][-]{section.17}{\376\377\000C\000u\000r\000r\000e\000n\000t\000\040\000S\000t\000a\000t\000u\000s\000\040\000a\000n\000d\000\040\000R\000e\000m\000a\000i\000n\000i\000n\000g\000\040\000E\000m\000p\000i\000r\000i\000c\000a\000l\000\040\000W\000o\000r\000k}{}% 32
\BOOKMARK [1][-]{section.18}{\376\377\000C\000o\000n\000c\000l\000u\000s\000i\000o\000n}{}% 33
